{
  "version": "1.5.0",
  "plugins_used": [
    {
      "name": "ArtifactoryDetector"
    },
    {
      "name": "AWSKeyDetector"
    },
    {
      "name": "AzureStorageKeyDetector"
    },
    {
      "name": "Base64HighEntropyString",
      "limit": 4.5
    },
    {
      "name": "BasicAuthDetector"
    },
    {
      "name": "CloudantDetector"
    },
    {
      "name": "DiscordBotTokenDetector"
    },
    {
      "name": "GitHubTokenDetector"
    },
    {
      "name": "GitLabTokenDetector"
    },
    {
      "name": "HexHighEntropyString",
      "limit": 3.0
    },
    {
      "name": "IbmCloudIamDetector"
    },
    {
      "name": "IbmCosHmacDetector"
    },
    {
      "name": "IPPublicDetector"
    },
    {
      "name": "JwtTokenDetector"
    },
    {
      "name": "KeywordDetector",
      "keyword_exclude": ""
    },
    {
      "name": "MailchimpDetector"
    },
    {
      "name": "NpmDetector"
    },
    {
      "name": "OpenAIDetector"
    },
    {
      "name": "PrivateKeyDetector"
    },
    {
      "name": "PypiTokenDetector"
    },
    {
      "name": "SendGridDetector"
    },
    {
      "name": "SlackDetector"
    },
    {
      "name": "SoftlayerDetector"
    },
    {
      "name": "SquareOAuthDetector"
    },
    {
      "name": "StripeDetector"
    },
    {
      "name": "TelegramBotTokenDetector"
    },
    {
      "name": "TwilioKeyDetector"
    }
  ],
  "filters_used": [
    {
      "path": "detect_secrets.filters.allowlist.is_line_allowlisted"
    },
    {
      "path": "detect_secrets.filters.common.is_baseline_file",
      "filename": ".secrets.baseline"
    },
    {
      "path": "detect_secrets.filters.common.is_ignored_due_to_verification_policies",
      "min_level": 2
    },
    {
      "path": "detect_secrets.filters.heuristic.is_indirect_reference"
    },
    {
      "path": "detect_secrets.filters.heuristic.is_likely_id_string"
    },
    {
      "path": "detect_secrets.filters.heuristic.is_lock_file"
    },
    {
      "path": "detect_secrets.filters.heuristic.is_not_alphanumeric_string"
    },
    {
      "path": "detect_secrets.filters.heuristic.is_potential_uuid"
    },
    {
      "path": "detect_secrets.filters.heuristic.is_prefixed_with_dollar_sign"
    },
    {
      "path": "detect_secrets.filters.heuristic.is_sequential_string"
    },
    {
      "path": "detect_secrets.filters.heuristic.is_swagger_file"
    },
    {
      "path": "detect_secrets.filters.heuristic.is_templated_secret"
    },
    {
      "path": "detect_secrets.filters.regex.should_exclude_file",
      "pattern": [
        "\\.git|site/|__pycache__|\\.egg-info",
        "\\.env\\.example|llm_apis\\.json\\.example"
      ]
    }
  ],
  "results": {
    "pilot_runs\\b01b_method_2026-10-07\\method_run_receipt_run1_invalid.json": [
      {
        "type": "Hex High Entropy String",
        "filename": "pilot_runs\\b01b_method_2026-10-07\\method_run_receipt_run1_invalid.json",
        "hashed_secret": "ec80807e4a2e9119b937a73813ab4972c04b2ff1",
        "is_verified": false,
        "line_number": 15
      },
      {
        "type": "Hex High Entropy String",
        "filename": "pilot_runs\\b01b_method_2026-10-07\\method_run_receipt_run1_invalid.json",
        "hashed_secret": "9776827b11a6f185e750642a5ee9bbb7be3dc22b",
        "is_verified": false,
        "line_number": 16
      },
      {
        "type": "Hex High Entropy String",
        "filename": "pilot_runs\\b01b_method_2026-10-07\\method_run_receipt_run1_invalid.json",
        "hashed_secret": "b356e22e713f52943bc18eba09939329777f6209",
        "is_verified": false,
        "line_number": 17
      },
      {
        "type": "Hex High Entropy String",
        "filename": "pilot_runs\\b01b_method_2026-10-07\\method_run_receipt_run1_invalid.json",
        "hashed_secret": "3a1eaec70f42caa2d51fefb3285251200df1c94e",
        "is_verified": false,
        "line_number": 19
      }
    ],
    "pilot_runs\\b01b_method_2026-10-07\\method_run_receipt_run2b_partial.json": [
      {
        "type": "Hex High Entropy String",
        "filename": "pilot_runs\\b01b_method_2026-10-07\\method_run_receipt_run2b_partial.json",
        "hashed_secret": "ad699012d1e1e02d5f65d891c4986f3a13a26fa0",
        "is_verified": false,
        "line_number": 15
      },
      {
        "type": "Hex High Entropy String",
        "filename": "pilot_runs\\b01b_method_2026-10-07\\method_run_receipt_run2b_partial.json",
        "hashed_secret": "49b641e4482296a582be34e53ec3dd4432aca115",
        "is_verified": false,
        "line_number": 16
      },
      {
        "type": "Hex High Entropy String",
        "filename": "pilot_runs\\b01b_method_2026-10-07\\method_run_receipt_run2b_partial.json",
        "hashed_secret": "23ffd421c6eae9266d2e5bf01cec1837096c6c63",
        "is_verified": false,
        "line_number": 17
      },
      {
        "type": "Hex High Entropy String",
        "filename": "pilot_runs\\b01b_method_2026-10-07\\method_run_receipt_run2b_partial.json",
        "hashed_secret": "3a1eaec70f42caa2d51fefb3285251200df1c94e",
        "is_verified": false,
        "line_number": 19
      }
    ],
    "pilot_runs\\b01b_method_2026-10-07\\method_run_receipt_run3_base.json": [
      {
        "type": "Hex High Entropy String",
        "filename": "pilot_runs\\b01b_method_2026-10-07\\method_run_receipt_run3_base.json",
        "hashed_secret": "ad699012d1e1e02d5f65d891c4986f3a13a26fa0",
        "is_verified": false,
        "line_number": 15
      },
      {
        "type": "Hex High Entropy String",
        "filename": "pilot_runs\\b01b_method_2026-10-07\\method_run_receipt_run3_base.json",
        "hashed_secret": "49b641e4482296a582be34e53ec3dd4432aca115",
        "is_verified": false,
        "line_number": 16
      },
      {
        "type": "Hex High Entropy String",
        "filename": "pilot_runs\\b01b_method_2026-10-07\\method_run_receipt_run3_base.json",
        "hashed_secret": "23ffd421c6eae9266d2e5bf01cec1837096c6c63",
        "is_verified": false,
        "line_number": 17
      },
      {
        "type": "Hex High Entropy String",
        "filename": "pilot_runs\\b01b_method_2026-10-07\\method_run_receipt_run3_base.json",
        "hashed_secret": "3a1eaec70f42caa2d51fefb3285251200df1c94e",
        "is_verified": false,
        "line_number": 19
      }
    ],
    "pilot_runs\\b01b_method_2026-10-07\\method_run_receipt_smoke.json": [
      {
        "type": "Hex High Entropy String",
        "filename": "pilot_runs\\b01b_method_2026-10-07\\method_run_receipt_smoke.json",
        "hashed_secret": "ad699012d1e1e02d5f65d891c4986f3a13a26fa0",
        "is_verified": false,
        "line_number": 15
      },
      {
        "type": "Hex High Entropy String",
        "filename": "pilot_runs\\b01b_method_2026-10-07\\method_run_receipt_smoke.json",
        "hashed_secret": "49b641e4482296a582be34e53ec3dd4432aca115",
        "is_verified": false,
        "line_number": 16
      },
      {
        "type": "Hex High Entropy String",
        "filename": "pilot_runs\\b01b_method_2026-10-07\\method_run_receipt_smoke.json",
        "hashed_secret": "23ffd421c6eae9266d2e5bf01cec1837096c6c63",
        "is_verified": false,
        "line_number": 17
      },
      {
        "type": "Hex High Entropy String",
        "filename": "pilot_runs\\b01b_method_2026-10-07\\method_run_receipt_smoke.json",
        "hashed_secret": "3a1eaec70f42caa2d51fefb3285251200df1c94e",
        "is_verified": false,
        "line_number": 19
      }
    ],
    "docs\\handoff\\QA-C06-02\\golden\\complete_c06_package.json": [
      {
        "type": "Hex High Entropy String",
        "filename": "docs\\handoff\\QA-C06-02\\golden\\complete_c06_package.json",
        "hashed_secret": "822f4a6e1b04f1c446b0a4d247a0265b5cd3e3c8",
        "is_verified": false,
        "line_number": 76
      },
      {
        "type": "Hex High Entropy String",
        "filename": "docs\\handoff\\QA-C06-02\\golden\\complete_c06_package.json",
        "hashed_secret": "48882968316a59363888bd0fdf8791b2485c70c6",
        "is_verified": false,
        "line_number": 91
      },
      {
        "type": "Hex High Entropy String",
        "filename": "docs\\handoff\\QA-C06-02\\golden\\complete_c06_package.json",
        "hashed_secret": "58558dd83dcbf3d357e512cd33d22b4c87207a6c",
        "is_verified": false,
        "line_number": 93
      },
      {
        "type": "Hex High Entropy String",
        "filename": "docs\\handoff\\QA-C06-02\\golden\\complete_c06_package.json",
        "hashed_secret": "de4f8399a5c44a291a68a06b0e5ce959f9ce96c3",
        "is_verified": false,
        "line_number": 105
      },
      {
        "type": "Hex High Entropy String",
        "filename": "docs\\handoff\\QA-C06-02\\golden\\complete_c06_package.json",
        "hashed_secret": "1d46c868c96501c9fbdfa251bb4a28965a393ffd",
        "is_verified": false,
        "line_number": 109
      }
    ],
    "docs\\handoff\\QA-C06-02\\golden\\golden.json": [
      {
        "type": "Hex High Entropy String",
        "filename": "docs\\handoff\\QA-C06-02\\golden\\golden.json",
        "hashed_secret": "09d64849cf310249fe51de109806e78d2a9d6aa6",
        "is_verified": false,
        "line_number": 2
      },
      {
        "type": "Hex High Entropy String",
        "filename": "docs\\handoff\\QA-C06-02\\golden\\golden.json",
        "hashed_secret": "0b03101cae30d6d2fdbf55a8c3bdbfdf6d3cb847",
        "is_verified": false,
        "line_number": 3
      },
      {
        "type": "Hex High Entropy String",
        "filename": "docs\\handoff\\QA-C06-02\\golden\\golden.json",
        "hashed_secret": "1e3e35ce00e3d1a308028355f8d23104198084fb",
        "is_verified": false,
        "line_number": 70
      },
      {
        "type": "Hex High Entropy String",
        "filename": "docs\\handoff\\QA-C06-02\\golden\\golden.json",
        "hashed_secret": "b62147ed6856a7f03c1352ece2d7ef71d9766356",
        "is_verified": false,
        "line_number": 75
      },
      {
        "type": "Hex High Entropy String",
        "filename": "docs\\handoff\\QA-C06-02\\golden\\golden.json",
        "hashed_secret": "7f1db319b862522468b8e2a75d5deb1c481bcae9",
        "is_verified": false,
        "line_number": 80
      },
      {
        "type": "Hex High Entropy String",
        "filename": "docs\\handoff\\QA-C06-02\\golden\\golden.json",
        "hashed_secret": "f37b996c9f45774cdf83a8b4bde3613ec9646040",
        "is_verified": false,
        "line_number": 85
      },
      {
        "type": "Hex High Entropy String",
        "filename": "docs\\handoff\\QA-C06-02\\golden\\golden.json",
        "hashed_secret": "c212db95ff9bfb0923ac0b42f61b9f64a39df177",
        "is_verified": false,
        "line_number": 90
      },
      {
        "type": "Hex High Entropy String",
        "filename": "docs\\handoff\\QA-C06-02\\golden\\golden.json",
        "hashed_secret": "7dcc42f4102eb25020177f154d2be71a0a95c54e",
        "is_verified": false,
        "line_number": 96
      },
      {
        "type": "Hex High Entropy String",
        "filename": "docs\\handoff\\QA-C06-02\\golden\\golden.json",
        "hashed_secret": "de4f8399a5c44a291a68a06b0e5ce959f9ce96c3",
        "is_verified": false,
        "line_number": 98
      },
      {
        "type": "Hex High Entropy String",
        "filename": "docs\\handoff\\QA-C06-02\\golden\\golden.json",
        "hashed_secret": "cb99b34a71c3dd0bc91936a4965f15530d8fdfc4",
        "is_verified": false,
        "line_number": 100
      }
    ]
  },
  "generated_at": "2026-10-08T06:47:08Z"
}
